{"arm": "D16-T1-BF8192", "case_id": "needle-1131-obo-budget-zero-dollar-cap-early#part", "code": "reviewed", "wall_s": 82.45, "outcome": "caught"}
{"arm": "D16-T1-BF8192", "case_id": "needle-1131-inv-budget-plan-unchanged-middle#part", "code": "reviewed", "wall_s": 181.51, "outcome": "missed"}
{"arm": "D16-T1-BF8192", "case_id": "needle-1131-swallow-skip-markers-unreadable-range-late#part", "code": "reviewed", "wall_s": 121.61, "outcome": "caught"}
{"arm": "D16-T1-BF8192", "case_id": "needle-1155-await-ledger-append-early#part", "code": "reviewed", "wall_s": 106.79, "outcome": "caught"}
{"arm": "D16-T1-BF8192", "case_id": "needle-1155-sql-ledger-range-order-middle#part", "code": "reviewed", "wall_s": 141.97, "outcome": "caught"}
{"arm": "D16-T1-BF8192", "case_id": "needle-1155-guard-worktree-foreign-branch-late#part", "code": "reviewed", "wall_s": 100.07, "outcome": "caught"}
[etiquette] yielded {'arm': 'D16-T1-BF8192', 'case': 'needle-1161-leak-estimate-ledger-handle-early', 'part': 'part1'} after 280s; re-queued
[etiquette] waiting: another client is connected to the model: com.docke pid 957 [::1]:52106->[::1]:11434
[etiquette] yielded {'arm': 'D16-T1-BF8192', 'case': 'needle-1161-leak-estimate-ledger-handle-early', 'part': 'part1'} after 86s; re-queued
[etiquette] waiting: another client is connected to the model: com.docke pid 957 [::1]:52391->[::1]:11434
[etiquette] waiting: another client is connected to the model: com.docke pid 957 [::1]:52427->[::1]:11434
[etiquette] waiting: another client is connected to the model: com.docke pid 957 [::1]:52753->[::1]:11434
[etiquette] waiting: another client is connected to the model: com.docke pid 957 [::1]:53094->[::1]:11434
{"arm": "D16-T1-BF8192", "case_id": "needle-1161-leak-estimate-ledger-handle-early#part", "code": "reviewed", "wall_s": 403.33, "outcome": "missed"}
{"arm": "D16-T1-BF8192", "case_id": "needle-1161-errret-worktree-list-empty-middle#part", "code": "reviewed", "wall_s": 138.36, "outcome": "caught"}
{"arm": "D16-T1-BF8192", "case_id": "needle-1161-race-worker-build-lock-late#part", "code": "reviewed", "wall_s": 89.0, "outcome": "caught"}
{"arm": "D16-T1-BF8192", "case_id": "host-1131#part3", "code": "reviewed", "wall_s": 306.92, "outcome": "clean"}
{"arm": "D16-T1-BF8192", "case_id": "host-1131#part5", "code": "reviewed", "wall_s": 342.8, "outcome": "clean"}
{"arm": "D16-T1-BF8192", "case_id": "host-1131#part2", "code": "reviewed", "wall_s": 244.73, "outcome": "clean"}
{"arm": "D16-T1-BF8192", "case_id": "host-1155#part2", "code": "reviewed", "wall_s": 118.36, "outcome": "clean"}
{"arm": "D16-T1-BF8192", "case_id": "host-1155#part1", "code": "reviewed", "wall_s": 224.99, "outcome": "clean"}
{"arm": "D16-T1-BF8192", "case_id": "host-1155#part5", "code": "reviewed", "wall_s": 118.79, "outcome": "clean"}
{"arm": "D16-T1-BF8192", "case_id": "host-1161#part1", "code": "reviewed", "wall_s": 185.92, "outcome": "false_positive"}
{"arm": "D16-T1-BF8192", "case_id": "host-1161#part4", "code": "reviewed", "wall_s": 123.21, "outcome": "clean"}
{"arm": "D16-T1-BF8192", "case_id": "host-1161#part2", "code": "reviewed", "wall_s": 166.39, "outcome": "clean"}
{"arm": "D32-T1-BF8192", "case_id": "needle-1131-obo-budget-zero-dollar-cap-early#part", "code": "reviewed", "wall_s": 173.29, "outcome": "caught"}
{"arm": "D32-T1-BF8192", "case_id": "needle-1131-inv-budget-plan-unchanged-middle#part", "code": "reviewed", "wall_s": 410.6, "outcome": "caught"}
{"arm": "D32-T1-BF8192", "case_id": "needle-1131-swallow-skip-markers-unreadable-range-late#part", "code": "reviewed", "wall_s": 184.6, "outcome": "caught"}
{"arm": "D32-T1-BF8192", "case_id": "needle-1155-await-ledger-append-early#part", "code": "reviewed", "wall_s": 261.13, "outcome": "caught"}
{"arm": "D32-T1-BF8192", "case_id": "needle-1155-sql-ledger-range-order-middle#part", "code": "reviewed", "wall_s": 447.98, "outcome": "missed"}
{"arm": "D32-T1-BF8192", "case_id": "needle-1155-guard-worktree-foreign-branch-late#part", "code": "reviewed", "wall_s": 245.74, "outcome": "caught"}
{"arm": "D32-T1-BF8192", "case_id": "needle-1161-leak-estimate-ledger-handle-early#part", "code": "reviewed", "wall_s": 451.0, "outcome": "missed"}
{"arm": "D32-T1-BF8192", "case_id": "needle-1161-errret-worktree-list-empty-middle#part", "code": "reviewed", "wall_s": 318.17, "outcome": "missed"}
{"arm": "D32-T1-BF8192", "case_id": "needle-1161-race-worker-build-lock-late#part", "code": "reviewed", "wall_s": 363.86, "outcome": "caught"}
{"arm": "D32-T1-BF8192", "case_id": "host-1131#part2", "code": "reviewed", "wall_s": 328.06, "outcome": "false_positive"}
{"arm": "D32-T1-BF8192", "case_id": "host-1131#part3", "code": "reviewed", "wall_s": 343.17, "outcome": "clean"}
[etiquette] yielded {'arm': 'D32-T1-BF8192', 'case': 'host-1131', 'part': 'part1'} after 162s; re-queued
[etiquette] waiting: another client is connected to the model: com.docke pid 957 [::1]:55574->[::1]:11434
[etiquette] waiting: another client is connected to the model: com.docke pid 957 [::1]:55617->[::1]:11434
[etiquette] yielded {'arm': 'D32-T1-BF8192', 'case': 'host-1131', 'part': 'part1'} after 162s; re-queued
[etiquette] waiting: another client is connected to the model: com.docke pid 957 [::1]:56137->[::1]:11434
[etiquette] waiting: another client is connected to the model: com.docke pid 957 [::1]:56176->[::1]:11434
{"arm": "D32-T1-BF8192", "case_id": "host-1131#part1", "code": "reviewed", "wall_s": 206.85, "outcome": "false_positive"}
{"arm": "D32-T1-BF8192", "case_id": "host-1155#part1", "code": "reviewed", "wall_s": 192.78, "outcome": "clean"}
{"arm": "D32-T1-BF8192", "case_id": "host-1155#part3", "code": "reviewed", "wall_s": 327.14, "outcome": "false_positive"}
{"arm": "D32-T1-BF8192", "case_id": "host-1155#part2", "code": "reviewed", "wall_s": 338.25, "outcome": "false_positive"}
{"arm": "D32-T1-BF8192", "case_id": "host-1161#part1", "code": "reviewed", "wall_s": 484.59, "outcome": "false_positive"}
{"arm": "D32-T1-BF8192", "case_id": "host-1161#part2", "code": "reviewed", "wall_s": 267.24, "outcome": "clean"}
{"arm": "D16-BF4096", "case_id": "needle-1131-obo-budget-zero-dollar-cap-early#part", "code": "reviewed", "wall_s": 200.38, "outcome": "caught"}
{"arm": "D16-BF4096", "case_id": "needle-1131-inv-budget-plan-unchanged-middle#part", "code": "reviewed", "wall_s": 251.47, "outcome": "missed"}
{"arm": "D16-BF4096", "case_id": "needle-1131-swallow-skip-markers-unreadable-range-late#part", "code": "reviewed", "wall_s": 150.86, "outcome": "caught"}
{"arm": "D16-BF4096", "case_id": "needle-1155-await-ledger-append-early#part", "code": "reviewed", "wall_s": 92.31, "outcome": "caught"}
{"arm": "D16-BF4096", "case_id": "needle-1155-sql-ledger-range-order-middle#part", "code": "reviewed", "wall_s": 77.13, "outcome": "missed"}
{"arm": "D16-BF4096", "case_id": "needle-1155-guard-worktree-foreign-branch-late#part", "code": "reviewed", "wall_s": 87.29, "outcome": "caught"}
{"arm": "D16-BF4096", "case_id": "needle-1161-leak-estimate-ledger-handle-early#part", "code": "reviewed", "wall_s": 238.60999999999999, "outcome": "caught"}
{"arm": "D16-BF4096", "case_id": "needle-1161-errret-worktree-list-empty-middle#part", "code": "reviewed", "wall_s": 219.60999999999999, "outcome": "missed"}
{"arm": "D16-BF4096", "case_id": "needle-1161-race-worker-build-lock-late#part", "code": "reviewed", "wall_s": 123.11, "outcome": "caught"}
{"arm": "D16-BF4096", "case_id": "host-1131#part3", "code": "reviewed", "wall_s": 237.61, "outcome": "clean"}
{"arm": "D16-BF4096", "case_id": "host-1131#part5", "code": "reviewed", "wall_s": 93.25, "outcome": "clean"}
{"arm": "D16-BF4096", "case_id": "host-1131#part2", "code": "reviewed", "wall_s": 234.07, "outcome": "clean"}
{"arm": "D16-BF4096", "case_id": "host-1155#part2", "code": "reviewed", "wall_s": 219.07, "outcome": "false_positive"}
{"arm": "D16-BF4096", "case_id": "host-1155#part1", "code": "reviewed", "wall_s": 231.88, "outcome": "false_positive"}
{"arm": "D16-BF4096", "case_id": "host-1155#part5", "code": "reviewed", "wall_s": 198.71, "outcome": "clean"}
{"arm": "D16-BF4096", "case_id": "host-1161#part1", "code": "reviewed", "wall_s": 335.74, "outcome": "clean"}
{"arm": "D16-BF4096", "case_id": "host-1161#part4", "code": "reviewed", "wall_s": 262.39, "outcome": "clean"}
{"arm": "D16-BF4096", "case_id": "host-1161#part2", "code": "reviewed", "wall_s": 270.01000000000005, "outcome": "clean"}
{"arm": "A2", "case_id": "needle-1131-obo-budget-zero-dollar-cap-early#part", "code": "reviewed", "wall_s": 215.49, "outcome": "caught"}
{"arm": "A2", "case_id": "needle-1131-inv-budget-plan-unchanged-middle#part", "code": "reviewed", "wall_s": 341.91, "outcome": "caught"}
{"arm": "A2", "case_id": "needle-1131-swallow-skip-markers-unreadable-range-late#part", "code": "reviewed", "wall_s": 179.1, "outcome": "caught"}
[etiquette] yielded {'arm': 'A2', 'case': 'needle-1155-await-ledger-append-early', 'part': 'part1'} after 300s; re-queued
[etiquette] waiting: another client is connected to the model: com.docke pid 957 [::1]:58842->[::1]:11434
[etiquette] waiting: another client is connected to the model: com.docke pid 957 [::1]:58881->[::1]:11434
{"arm": "A2", "case_id": "needle-1155-await-ledger-append-early#part", "code": "reviewed", "wall_s": 306.69, "outcome": "caught"}
{"arm": "A2", "case_id": "needle-1155-sql-ledger-range-order-middle#part", "code": "reviewed", "wall_s": 188.85, "outcome": "missed"}
{"arm": "A2", "case_id": "needle-1155-guard-worktree-foreign-branch-late#part", "code": "reviewed", "wall_s": 223.05, "outcome": "caught"}
{"arm": "A2", "case_id": "needle-1161-leak-estimate-ledger-handle-early#part", "code": "reviewed", "wall_s": 606.49, "outcome": "missed"}
{"arm": "A2", "case_id": "needle-1161-errret-worktree-list-empty-middle#part", "code": "reviewed", "wall_s": 226.84, "outcome": "caught"}
{"arm": "A2", "case_id": "needle-1161-race-worker-build-lock-late#part", "code": "reviewed", "wall_s": 230.26, "outcome": "caught"}
{"arm": "A2", "case_id": "host-1131#part2", "code": "reviewed", "wall_s": 184.83, "outcome": "clean"}
{"arm": "A2", "case_id": "host-1131#part3", "code": "reviewed", "wall_s": 258.27, "outcome": "false_positive"}
{"arm": "A2", "case_id": "host-1131#part1", "code": "reviewed", "wall_s": 338.51, "outcome": "clean"}
{"arm": "A2", "case_id": "host-1155#part2", "code": "reviewed", "wall_s": 495.36, "outcome": "false_positive"}
{"arm": "A2", "case_id": "host-1155#part1", "code": "reviewed", "wall_s": 290.21, "outcome": "false_positive"}
{"arm": "A2", "case_id": "host-1155#part3", "code": "reviewed", "wall_s": 504.27, "outcome": "clean"}
{"arm": "A2", "case_id": "host-1161#part1", "code": "reviewed", "wall_s": 299.88, "outcome": "false_positive"}
{"arm": "A2", "case_id": "host-1161#part3", "code": "reviewed", "wall_s": 219.68, "outcome": "clean"}
{"arm": "A2", "case_id": "host-1161#part2", "code": "reviewed", "wall_s": 455.21, "outcome": "false_positive"}
{"arm": "A1", "case_id": "needle-1131-obo-budget-zero-dollar-cap-early#part", "code": "reviewed", "wall_s": 313.75, "outcome": "caught"}
{"arm": "A1", "case_id": "needle-1131-inv-budget-plan-unchanged-middle#part", "code": "reviewed", "wall_s": 218.22, "outcome": "missed"}
{"arm": "A1", "case_id": "needle-1131-swallow-skip-markers-unreadable-range-late#part", "code": "reviewed", "wall_s": 303.22, "outcome": "missed"}
{"arm": "A1", "case_id": "needle-1155-await-ledger-append-early#part", "code": "reviewed", "wall_s": 303.76000000000005, "outcome": "caught"}
{"arm": "A1", "case_id": "needle-1155-sql-ledger-range-order-middle#part", "code": "reviewed", "wall_s": 292.47, "outcome": "missed"}
{"arm": "A1", "case_id": "needle-1155-guard-worktree-foreign-branch-late#part", "code": "reviewed", "wall_s": 183.78, "outcome": "caught"}
{"arm": "A1", "case_id": "needle-1161-leak-estimate-ledger-handle-early#part", "code": "reviewed", "wall_s": 293.63, "outcome": "missed"}
{"arm": "A1", "case_id": "needle-1161-errret-worktree-list-empty-middle#part", "code": "reviewed", "wall_s": 326.67999999999995, "outcome": "caught"}
{"arm": "A1", "case_id": "needle-1161-race-worker-build-lock-late#part", "code": "reviewed", "wall_s": 309.24, "outcome": "caught"}
{"arm": "A1", "case_id": "host-1131#part2", "code": "reviewed", "wall_s": 582.84, "outcome": "false_positive"}
{"arm": "A1", "case_id": "host-1131#part3", "code": "reviewed", "wall_s": 560.8299999999999, "outcome": "false_positive"}
{"arm": "A1", "case_id": "host-1131#part1", "code": "reviewed", "wall_s": 220.0, "outcome": "clean"}
{"arm": "A1", "case_id": "host-1155#part2", "code": "reviewed", "wall_s": 322.55, "outcome": "false_positive"}
{"arm": "A1", "case_id": "host-1155#part1", "code": "reviewed", "wall_s": 322.68, "outcome": "false_positive"}
{"arm": "A1", "case_id": "host-1155#part3", "code": "reviewed", "wall_s": 303.02, "outcome": "clean"}
{"arm": "A1", "case_id": "host-1161#part1", "code": "reviewed", "wall_s": 301.52, "outcome": "clean"}
{"arm": "A1", "case_id": "host-1161#part3", "code": "reviewed", "wall_s": 299.69, "outcome": "clean"}
{"arm": "A1", "case_id": "host-1161#part2", "code": "reviewed", "wall_s": 300.19, "outcome": "clean"}
{"arm": "D16-T1-BF8192+FF", "case_id": "needle-1131-obo-budget-zero-dollar-cap-early#part", "code": "reviewed", "wall_s": 88.53, "outcome": "caught"}
[etiquette] yielded {'arm': 'D16-T1-BF8192+FF', 'case': 'needle-1131-inv-budget-plan-unchanged-middle', 'part': 'part3'} after 65s; re-queued
[etiquette] waiting: another client is connected to the model: com.docke pid 957 [::1]:63412->[::1]:11434
[etiquette] waiting: another client is connected to the model: com.docke pid 957 [::1]:63456->[::1]:11434
{"arm": "D16-T1-BF8192+FF", "case_id": "needle-1131-inv-budget-plan-unchanged-middle#part", "code": "reviewed", "wall_s": 127.77, "outcome": "caught"}
{"arm": "D16-T1-BF8192+FF", "case_id": "needle-1131-swallow-skip-markers-unreadable-range-late#part", "code": "reviewed", "wall_s": 366.75, "outcome": "missed"}
{"arm": "D16-T1-BF8192+FF", "case_id": "needle-1155-await-ledger-append-early#part", "code": "reviewed", "wall_s": 106.14, "outcome": "caught"}
{"arm": "D16-T1-BF8192+FF", "case_id": "needle-1155-sql-ledger-range-order-middle#part", "code": "model_unreachable", "wall_s": 82.78, "outcome": "no_verdict"}
{"arm": "D16-T1-BF8192+FF", "case_id": "needle-1155-sql-ledger-range-order-middle#part", "code": "model_unreachable", "wall_s": 82.78, "outcome": "no_verdict"}
{"arm": "D16-T1-BF8192+FF", "case_id": "needle-1155-sql-ledger-range-order-middle#part", "code": "reviewed", "wall_s": 111.58, "outcome": "missed"}
{"arm": "D16-T1-BF8192+FF", "case_id": "needle-1155-guard-worktree-foreign-branch-late#part", "code": "reviewed", "wall_s": 57.53, "outcome": "caught"}
[etiquette] yielded {'arm': 'D16-T1-BF8192+FF', 'case': 'needle-1161-leak-estimate-ledger-handle-early', 'part': 'part1'} after 50s; re-queued
[etiquette] waiting: another client is connected to the model: com.docke pid 1140 [::1]:55174->[::1]:11434
[etiquette] waiting: another client is connected to the model: com.docke pid 1140 [::1]:55242->[::1]:11434
{"arm": "D16-T1-BF8192+FF", "case_id": "needle-1161-leak-estimate-ledger-handle-early#part", "code": "reviewed", "wall_s": 459.08000000000004, "outcome": "caught"}
{"arm": "D16-T1-BF8192+FF", "case_id": "needle-1161-errret-worktree-list-empty-middle#part", "code": "reviewed", "wall_s": 403.26, "outcome": "missed"}
{"arm": "D16-T1-BF8192+FF", "case_id": "needle-1161-race-worker-build-lock-late#part", "code": "reviewed", "wall_s": 79.63, "outcome": "caught"}
{"arm": "D16-T1-BF8192+FF", "case_id": "host-1131#part3", "code": "reviewed", "wall_s": 246.62, "outcome": "clean"}
{"arm": "D16-T1-BF8192+FF", "case_id": "host-1131#part5", "code": "reviewed", "wall_s": 431.53000000000003, "outcome": "clean"}
{"arm": "D16-T1-BF8192+FF", "case_id": "host-1131#part2", "code": "reviewed", "wall_s": 226.58, "outcome": "clean"}
{"arm": "D16-T1-BF8192+FF", "case_id": "host-1155#part2", "code": "reviewed", "wall_s": 108.7, "outcome": "clean"}
{"arm": "D16-T1-BF8192+FF", "case_id": "host-1155#part1", "code": "reviewed", "wall_s": 223.86, "outcome": "clean"}
{"arm": "D16-T1-BF8192+FF", "case_id": "host-1155#part5", "code": "reviewed", "wall_s": 165.81, "outcome": "clean"}
{"arm": "D16-T1-BF8192+FF", "case_id": "host-1161#part1", "code": "reviewed", "wall_s": 239.36, "outcome": "clean"}
{"arm": "D16-T1-BF8192+FF", "case_id": "host-1161#part4", "code": "reviewed", "wall_s": 91.61, "outcome": "clean"}
[etiquette] yielded {'arm': 'D16-T1-BF8192+FF', 'case': 'host-1161', 'part': 'part2'} after 147s; re-queued
[etiquette] waiting: another client is connected to the model: com.docke pid 1140 [::1]:64124->[::1]:11434
[etiquette] yielded {'arm': 'D16-T1-BF8192+FF', 'case': 'host-1161', 'part': 'part2'} after 80s; re-queued
[etiquette] waiting: another client is connected to the model: com.docke pid 1140 [::1]:64449->[::1]:11434
[etiquette] waiting: another client is connected to the model: com.docke pid 1140 [::1]:64483->[::1]:11434
{"arm": "D16-T1-BF8192+FF", "case_id": "host-1161#part2", "code": "reviewed", "wall_s": 162.06, "outcome": "false_positive"}
{"arm": "D16-T1-BF8192+VER", "case_id": "needle-1131-obo-budget-zero-dollar-cap-early#part", "code": "reviewed", "wall_s": 136.97, "outcome": "caught"}
{"arm": "D16-T1-BF8192+VER", "case_id": "needle-1131-inv-budget-plan-unchanged-middle#part", "code": "reviewed", "wall_s": 246.34, "outcome": "missed"}
{"arm": "D16-T1-BF8192+VER", "case_id": "needle-1131-swallow-skip-markers-unreadable-range-late#part", "code": "reviewed", "wall_s": 173.79, "outcome": "caught"}
{"arm": "D16-T1-BF8192+VER", "case_id": "needle-1155-await-ledger-append-early#part", "code": "reviewed", "wall_s": 200.34000000000003, "outcome": "caught"}
{"arm": "D16-T1-BF8192+VER", "case_id": "needle-1155-sql-ledger-range-order-middle#part", "code": "reviewed", "wall_s": 209.9, "outcome": "caught"}
{"arm": "D16-T1-BF8192+VER", "case_id": "needle-1155-guard-worktree-foreign-branch-late#part", "code": "reviewed", "wall_s": 233.76, "outcome": "caught"}
{"arm": "D16-T1-BF8192+VER", "case_id": "needle-1161-leak-estimate-ledger-handle-early#part", "code": "reviewed", "wall_s": 526.26, "outcome": "missed"}
{"arm": "D16-T1-BF8192+VER", "case_id": "needle-1161-errret-worktree-list-empty-middle#part", "code": "reviewed", "wall_s": 190.98000000000002, "outcome": "caught"}
[etiquette] waiting: another client is connected to the model: com.docke pid 1140 [::1]:62059->[::1]:11434
[etiquette] waiting: another client is connected to the model: com.docke pid 1140 [::1]:62095->[::1]:11434
{"arm": "D16-T1-BF8192+VER", "case_id": "needle-1161-race-worker-build-lock-late#part", "code": "reviewed", "wall_s": 159.35, "outcome": "caught"}
{"arm": "D16-T1-BF8192+VER", "case_id": "host-1131#part3", "code": "reviewed", "wall_s": 306.92, "outcome": "clean"}
{"arm": "D16-T1-BF8192+VER", "case_id": "host-1131#part5", "code": "reviewed", "wall_s": 342.8, "outcome": "clean"}
{"arm": "D16-T1-BF8192+VER", "case_id": "host-1131#part2", "code": "reviewed", "wall_s": 244.73, "outcome": "clean"}
{"arm": "D16-T1-BF8192+VER", "case_id": "host-1155#part2", "code": "reviewed", "wall_s": 118.36, "outcome": "clean"}
{"arm": "D16-T1-BF8192+VER", "case_id": "host-1155#part1", "code": "reviewed", "wall_s": 224.99, "outcome": "clean"}
{"arm": "D16-T1-BF8192+VER", "case_id": "host-1155#part5", "code": "reviewed", "wall_s": 118.79, "outcome": "clean"}
{"arm": "D16-T1-BF8192+VER", "case_id": "host-1161#part1", "code": "reviewed", "wall_s": 238.83999999999997, "outcome": "clean"}
{"arm": "D16-T1-BF8192+VER", "case_id": "host-1161#part4", "code": "reviewed", "wall_s": 123.21, "outcome": "clean"}
{"arm": "D16-T1-BF8192+VER", "case_id": "host-1161#part2", "code": "reviewed", "wall_s": 166.39, "outcome": "clean"}
{"arm": "D16-T1-BF8192+SA", "case_id": "needle-1131-obo-budget-zero-dollar-cap-early#part", "code": "reviewed", "wall_s": 147.04, "outcome": "caught"}
[etiquette] yielded {'arm': 'D16-T1-BF8192+SA', 'case': 'needle-1131-inv-budget-plan-unchanged-middle', 'part': 'part3'} after 70s; re-queued
[etiquette] waiting: another client is connected to the model: com.docke pid 1140 [::1]:50408->[::1]:11434
[etiquette] waiting: another client is connected to the model: com.docke pid 1140 [::1]:50450->[::1]:11434
[etiquette] yielded {'arm': 'D16-T1-BF8192+SA', 'case': 'needle-1131-inv-budget-plan-unchanged-middle', 'part': 'part3'} after 40s; re-queued
[etiquette] waiting: another client is connected to the model: com.docke pid 1140 [::1]:56818->[::1]:11434
[etiquette] waiting: another client is connected to the model: com.docke pid 1140 [::1]:56863->[::1]:11434
{"arm": "D16-T1-BF8192+SA", "case_id": "needle-1131-inv-budget-plan-unchanged-middle#part", "code": "reviewed", "wall_s": 154.71, "outcome": "caught"}
{"arm": "D16-T1-BF8192+SA", "case_id": "needle-1131-swallow-skip-markers-unreadable-range-late#part", "code": "reviewed", "wall_s": 173.14, "outcome": "missed"}
{"arm": "D16-T1-BF8192+SA", "case_id": "needle-1155-await-ledger-append-early#part", "code": "reviewed", "wall_s": 102.78, "outcome": "caught"}
{"arm": "D16-T1-BF8192+SA", "case_id": "needle-1155-sql-ledger-range-order-middle#part", "code": "reviewed", "wall_s": 87.67, "outcome": "missed"}
{"arm": "D16-T1-BF8192+SA", "case_id": "needle-1155-guard-worktree-foreign-branch-late#part", "code": "reviewed", "wall_s": 106.1, "outcome": "caught"}
{"arm": "D16-T1-BF8192+SA", "case_id": "needle-1161-leak-estimate-ledger-handle-early#part", "code": "reviewed", "wall_s": 504.98, "outcome": "caught"}
{"arm": "D16-T1-BF8192+SA", "case_id": "needle-1161-errret-worktree-list-empty-middle#part", "code": "reviewed", "wall_s": 202.95, "outcome": "missed"}
{"arm": "D16-T1-BF8192+SA", "case_id": "needle-1161-race-worker-build-lock-late#part", "code": "reviewed", "wall_s": 77.58, "outcome": "caught"}
[etiquette] yielded {'arm': 'D16-T1-BF8192+SA', 'case': 'host-1131', 'part': 'part3'} after 229s; re-queued
[etiquette] waiting: another client is connected to the model: com.docke pid 1140 [::1]:55785->[::1]:11434
[etiquette] waiting: another client is connected to the model: com.docke pid 1140 [::1]:55832->[::1]:11434
[etiquette] waiting: another client is connected to the model: com.docke pid 1140 [::1]:56118->[::1]:11434
[etiquette] waiting: another client is connected to the model: com.docke pid 1140 [::1]:56171->[::1]:11434
[etiquette] yielded {'arm': 'D16-T1-BF8192+SA', 'case': 'host-1131', 'part': 'part3'} after 50s; re-queued
[etiquette] waiting: another client is connected to the model: com.docke pid 1140 [::1]:56661->[::1]:11434
[etiquette] waiting: another client is connected to the model: com.docke pid 1140 [::1]:56709->[::1]:11434
[etiquette] waiting: another client is connected to the model: com.docke pid 1140 [::1]:60132->[::1]:11434
{"arm": "D16-T1-BF8192+SA", "case_id": "host-1131#part3", "code": "reviewed", "wall_s": 314.18, "outcome": "clean"}
{"arm": "D16-T1-BF8192+SA", "case_id": "host-1131#part5", "code": "reviewed", "wall_s": 78.38, "outcome": "clean"}
{"arm": "D16-T1-BF8192+SA", "case_id": "host-1131#part2", "code": "reviewed", "wall_s": 108.29, "outcome": "clean"}
{"arm": "D16-T1-BF8192+SA", "case_id": "host-1155#part2", "code": "reviewed", "wall_s": 434.81, "outcome": "clean"}
{"arm": "D16-T1-BF8192+SA", "case_id": "host-1155#part1", "code": "reviewed", "wall_s": 224.99, "outcome": "clean"}
{"arm": "D16-T1-BF8192+SA", "case_id": "host-1155#part5", "code": "reviewed", "wall_s": 149.72, "outcome": "false_positive"}
{"arm": "D16-T1-BF8192+SA", "case_id": "host-1161#part1", "code": "reviewed", "wall_s": 150.93, "outcome": "clean"}
{"arm": "D16-T1-BF8192+SA", "case_id": "host-1161#part4", "code": "reviewed", "wall_s": 116.68, "outcome": "clean"}
{"arm": "D16-T1-BF8192+SA", "case_id": "host-1161#part2", "code": "reviewed", "wall_s": 171.11, "outcome": "clean"}
{"arm": "D16-T1-BF8192+CTXnone", "case_id": "needle-1131-obo-budget-zero-dollar-cap-early#part", "code": "reviewed", "wall_s": 59.09, "outcome": "caught"}
{"arm": "D16-T1-BF8192+CTXnone", "case_id": "needle-1131-inv-budget-plan-unchanged-middle#part", "code": "reviewed", "wall_s": 126.09, "outcome": "missed"}
{"arm": "D16-T1-BF8192+CTXnone", "case_id": "needle-1131-swallow-skip-markers-unreadable-range-late#part", "code": "reviewed", "wall_s": 82.67, "outcome": "missed"}
{"arm": "D16-T1-BF8192+CTXnone", "case_id": "needle-1155-await-ledger-append-early#part", "code": "reviewed", "wall_s": 46.44, "outcome": "caught"}
{"arm": "D16-T1-BF8192+CTXnone", "case_id": "needle-1155-sql-ledger-range-order-middle#part", "code": "reviewed", "wall_s": 63.44, "outcome": "caught"}
{"arm": "D16-T1-BF8192+CTXnone", "case_id": "needle-1155-guard-worktree-foreign-branch-late#part", "code": "reviewed", "wall_s": 48.1, "outcome": "caught"}
{"arm": "D16-T1-BF8192+CTXnone", "case_id": "needle-1161-leak-estimate-ledger-handle-early#part", "code": "reviewed", "wall_s": 232.29, "outcome": "missed"}
{"arm": "D16-T1-BF8192+CTXnone", "case_id": "needle-1161-errret-worktree-list-empty-middle#part", "code": "reviewed", "wall_s": 133.86, "outcome": "caught"}
{"arm": "D16-T1-BF8192+CTXnone", "case_id": "needle-1161-race-worker-build-lock-late#part", "code": "reviewed", "wall_s": 110.51, "outcome": "caught"}
{"arm": "D16-T1-BF8192+CTXnone", "case_id": "host-1131#part3", "code": "reviewed", "wall_s": 123.77, "outcome": "false_positive"}
{"arm": "D16-T1-BF8192+CTXnone", "case_id": "host-1131#part5", "code": "reviewed", "wall_s": 102.32, "outcome": "false_positive"}
{"arm": "D16-T1-BF8192+CTXnone", "case_id": "host-1131#part2", "code": "reviewed", "wall_s": 64.03, "outcome": "clean"}
{"arm": "D16-T1-BF8192+CTXnone", "case_id": "host-1155#part2", "code": "reviewed", "wall_s": 269.29, "outcome": "clean"}
{"arm": "D16-T1-BF8192+CTXnone", "case_id": "host-1155#part1", "code": "reviewed", "wall_s": 36.99, "outcome": "clean"}
{"arm": "D16-T1-BF8192+CTXnone", "case_id": "host-1155#part5", "code": "reviewed", "wall_s": 228.03, "outcome": "false_positive"}
{"arm": "D16-T1-BF8192+CTXnone", "case_id": "host-1161#part1", "code": "reviewed", "wall_s": 320.94, "outcome": "clean"}
{"arm": "D16-T1-BF8192+CTXnone", "case_id": "host-1161#part4", "code": "reviewed", "wall_s": 149.04, "outcome": "false_positive"}
{"arm": "D16-T1-BF8192+CTXnone", "case_id": "host-1161#part2", "code": "reviewed", "wall_s": 259.81, "outcome": "clean"}
{"arm": "D16-T1-BF8192+CTXfile", "case_id": "needle-1131-obo-budget-zero-dollar-cap-early#part", "code": "reviewed", "wall_s": 129.19, "outcome": "missed"}
{"arm": "D16-T1-BF8192+CTXfile", "case_id": "needle-1131-inv-budget-plan-unchanged-middle#part", "code": "reviewed", "wall_s": 176.23, "outcome": "caught"}
{"arm": "D16-T1-BF8192+CTXfile", "case_id": "needle-1131-swallow-skip-markers-unreadable-range-late#part", "code": "reviewed", "wall_s": 248.82, "outcome": "caught"}
{"arm": "D16-T1-BF8192+CTXfile", "case_id": "needle-1155-await-ledger-append-early#part", "code": "reviewed", "wall_s": 139.0, "outcome": "caught"}
{"arm": "D16-T1-BF8192+CTXfile", "case_id": "needle-1155-sql-ledger-range-order-middle#part", "code": "reviewed", "wall_s": 141.97, "outcome": "caught"}
{"arm": "D16-T1-BF8192+CTXfile", "case_id": "needle-1155-guard-worktree-foreign-branch-late#part", "code": "reviewed", "wall_s": 226.46, "outcome": "caught"}
{"arm": "D16-T1-BF8192+CTXfile", "case_id": "needle-1161-leak-estimate-ledger-handle-early#part", "code": "reviewed", "wall_s": 544.9399999999999, "outcome": "missed"}
{"arm": "D16-T1-BF8192+CTXfile", "case_id": "needle-1161-errret-worktree-list-empty-middle#part", "code": "reviewed", "wall_s": 246.16, "outcome": "missed"}
{"arm": "D16-T1-BF8192+CTXfile", "case_id": "needle-1161-race-worker-build-lock-late#part", "code": "reviewed", "wall_s": 89.0, "outcome": "caught"}
{"arm": "D16-T1-BF8192+CTXfile", "case_id": "host-1131#part3", "code": "reviewed", "wall_s": 267.41, "outcome": "clean"}
{"arm": "D16-T1-BF8192+CTXfile", "case_id": "host-1131#part5", "code": "reviewed", "wall_s": 287.79, "outcome": "clean"}
{"arm": "D16-T1-BF8192+CTXfile", "case_id": "host-1131#part2", "code": "reviewed", "wall_s": 463.27, "outcome": "clean"}
{"arm": "D16-T1-BF8192+CTXfile", "case_id": "host-1155#part2", "code": "reviewed", "wall_s": 197.84, "outcome": "false_positive"}
[etiquette] yielded {'arm': 'D16-T1-BF8192+CTXfile', 'case': 'host-1155', 'part': 'part1'} after 234s; re-queued
[etiquette] waiting: another client is connected to the model: com.docke pid 1140 [::1]:57508->[::1]:11434
[etiquette] waiting: another client is connected to the model: com.docke pid 1140 [::1]:57589->[::1]:11434
{"arm": "D16-T1-BF8192+CTXfile", "case_id": "host-1155#part1", "code": "reviewed", "wall_s": 288.45, "outcome": "false_positive"}
{"arm": "D16-T1-BF8192+CTXfile", "case_id": "host-1155#part5", "code": "reviewed", "wall_s": 118.79, "outcome": "clean"}
{"arm": "D16-T1-BF8192+CTXfile", "case_id": "host-1161#part1", "code": "reviewed", "wall_s": 549.99, "outcome": "false_positive"}
{"arm": "D16-T1-BF8192+CTXfile", "case_id": "host-1161#part4", "code": "reviewed", "wall_s": 123.21, "outcome": "clean"}
{"arm": "D16-T1-BF8192+CTXfile", "case_id": "host-1161#part2", "code": "reviewed", "wall_s": 432.5, "outcome": "clean"}
{"arm": "D16-T1-BF8192+TRI", "case_id": "needle-1131-obo-budget-zero-dollar-cap-early#part", "code": "reviewed", "wall_s": 102.0, "outcome": "caught"}
{"arm": "D16-T1-BF8192+TRI", "case_id": "needle-1131-inv-budget-plan-unchanged-middle#part", "code": "reviewed", "wall_s": 349.14, "outcome": "caught"}
[etiquette] waiting: another client is connected to the model: com.docke pid 1140 [::1]:65534->[::1]:11434
{"arm": "D16-T1-BF8192+TRI", "case_id": "needle-1131-swallow-skip-markers-unreadable-range-late#part", "code": "reviewed", "wall_s": 206.32, "outcome": "caught"}
{"arm": "D16-T1-BF8192+TRI", "case_id": "needle-1155-await-ledger-append-early#part", "code": "reviewed", "wall_s": 54.78, "outcome": "caught"}
{"arm": "D16-T1-BF8192+TRI", "case_id": "needle-1155-sql-ledger-range-order-middle#part", "code": "reviewed", "wall_s": 323.29, "outcome": "missed"}
{"arm": "D16-T1-BF8192+TRI", "case_id": "needle-1155-guard-worktree-foreign-branch-late#part", "code": "reviewed", "wall_s": 82.81, "outcome": "caught"}
{"arm": "D16-T1-BF8192+TRI", "case_id": "needle-1161-leak-estimate-ledger-handle-early#part", "code": "reviewed", "wall_s": 312.95, "outcome": "missed"}
{"arm": "D16-T1-BF8192+TRI", "case_id": "needle-1161-errret-worktree-list-empty-middle#part", "code": "reviewed", "wall_s": 217.69, "outcome": "missed"}
{"arm": "D16-T1-BF8192+TRI", "case_id": "needle-1161-race-worker-build-lock-late#part", "code": "reviewed", "wall_s": 65.53, "outcome": "caught"}
{"arm": "D16-T1-BF8192+TRI", "case_id": "host-1131#part3", "code": "reviewed", "wall_s": 157.05, "outcome": "clean"}
{"arm": "D16-T1-BF8192+TRI", "case_id": "host-1131#part4", "code": "reviewed", "wall_s": 185.26, "outcome": "clean"}
{"arm": "D16-T1-BF8192+TRI", "case_id": "host-1131#part2", "code": "reviewed", "wall_s": 189.44, "outcome": "clean"}
{"arm": "D16-T1-BF8192+TRI", "case_id": "host-1155#part4", "code": "reviewed", "wall_s": 223.68, "outcome": "clean"}
{"arm": "D16-T1-BF8192+TRI", "case_id": "host-1155#part2", "code": "reviewed", "wall_s": 142.01, "outcome": "clean"}
{"arm": "D16-T1-BF8192+TRI", "case_id": "host-1155#part1", "code": "reviewed", "wall_s": 167.14, "outcome": "false_positive"}
{"arm": "D16-T1-BF8192+TRI", "case_id": "host-1161#part1", "code": "reviewed", "wall_s": 238.48, "outcome": "clean"}
{"arm": "D16-T1-BF8192+TRI", "case_id": "host-1161#part4", "code": "reviewed", "wall_s": 97.07, "outcome": "false_positive"}
{"arm": "D16-T1-BF8192+TRI", "case_id": "host-1161#part3", "code": "reviewed", "wall_s": 100.52, "outcome": "clean"}
{"arm": "D16-T1-high-BF8192", "case_id": "needle-1131-obo-budget-zero-dollar-cap-early#part", "code": "reviewed", "wall_s": 411.53, "outcome": "caught"}
{"arm": "D16-T1-high-BF8192", "case_id": "needle-1131-inv-budget-plan-unchanged-middle#part", "code": "reviewed", "wall_s": 404.14, "outcome": "missed"}
{"arm": "D16-T1-high-BF8192", "case_id": "needle-1131-swallow-skip-markers-unreadable-range-late#part", "code": "reviewed", "wall_s": 437.84999999999997, "outcome": "caught"}
[etiquette] yielded {'arm': 'D16-T1-high-BF8192', 'case': 'needle-1155-await-ledger-append-early', 'part': 'part1'} after 361s; re-queued
[etiquette] waiting: another client is connected to the model: com.docke pid 1140 [::1]:60707->[::1]:11434
[etiquette] waiting: another client is connected to the model: com.docke pid 1140 [::1]:60786->[::1]:11434
[etiquette] yielded {'arm': 'D16-T1-high-BF8192', 'case': 'needle-1155-await-ledger-append-early', 'part': 'part1'} after 70s; re-queued
[etiquette] waiting: another client is connected to the model: com.docke pid 1140 [::1]:61460->[::1]:11434
[etiquette] waiting: another client is connected to the model: com.docke pid 1140 [::1]:61503->[::1]:11434
{"arm": "D16-T1-high-BF8192", "case_id": "needle-1155-await-ledger-append-early#part", "code": "reviewed", "wall_s": 483.26, "outcome": "caught"}
{"arm": "D16-T1-high-BF8192", "case_id": "needle-1155-sql-ledger-range-order-middle#part", "code": "reviewed", "wall_s": 378.71, "outcome": "caught"}
{"arm": "D16-T1-high-BF8192", "case_id": "needle-1155-guard-worktree-foreign-branch-late#part", "code": "reviewed", "wall_s": 392.79, "outcome": "caught"}
{"arm": "D16-T1-high-BF8192", "case_id": "needle-1161-leak-estimate-ledger-handle-early#part", "code": "reviewed", "wall_s": 421.46000000000004, "outcome": "missed"}
{"arm": "D16-T1-high-BF8192", "case_id": "needle-1161-errret-worktree-list-empty-middle#part", "code": "reviewed", "wall_s": 432.74, "outcome": "missed"}
